
> react-vite-tailwind@0.0.0 build
> vite build

[36mvite v7.3.2 [32mbuilding client environment for production...[36m[39m
transforming...
[32mΓ£ô[39m 2839 modules transformed.
node.exe : [31mΓ£ù[39m Build failed in 7.47s
At line:1 char:1
+ & "C:\Program Files\nodejs/node.exe" "C:\Program Files\nodejs/node_mo ...
+ ~~~~~~~~~~~~~~~~~~~~~~~~~~~~~~~~~~~~~~~~~~~~~~~~~~~~~~~~~~~~~~~~~~~~~
    + CategoryInfo          : NotSpecified: ([31mΓ£ù[39m Build failed in 7.47s:String) [], RemoteException
    + FullyQualifiedErrorId : NativeCommandError
 
[31merror during build:
[31msrc/pages/Dashboard.tsx (17:2): "getCompanyDepartments" is not exported by "src/types/index.ts", imported by 
"src/pages/Dashboard.tsx".[31m
file: [36mC:/Users/HP/OneDrive/Desktop/enterprise-hrms-crm-application - Copy(d1)/src/pages/Dashboard.tsx:17:2[31m
[33m
15:   type Notification,
16:   isCompanyIdMatch,
17:   getCompanyDepartments
      ^
18: } from '../types';
19: import { deriveCompanyPayrollStatus } from '../utils/payroll';
[31m
    at getRollupError (file:///C:/Users/HP/OneDrive/Desktop/enterprise-hrms-crm-application%20-%20Copy(d1)/node_modules
/rollup/dist/es/shared/parseAst.js:406:41)
    at error (file:///C:/Users/HP/OneDrive/Desktop/enterprise-hrms-crm-application%20-%20Copy(d1)/node_modules/rollup/d
ist/es/shared/parseAst.js:402:42)
    at Module.error (file:///C:/Users/HP/OneDrive/Desktop/enterprise-hrms-crm-application%20-%20Copy(d1)/node_modules/r
ollup/dist/es/shared/node-entry.js:17390:16)
    at Module.traceVariable (file:///C:/Users/HP/OneDrive/Desktop/enterprise-hrms-crm-application%20-%20Copy(d1)/node_m
odules/rollup/dist/es/shared/node-entry.js:17823:29)
    at ModuleScope.findVariable (file:///C:/Users/HP/OneDrive/Desktop/enterprise-hrms-crm-application%20-%20Copy(d1)/no
de_modules/rollup/dist/es/shared/node-entry.js:15413:39)
    at ReturnValueScope.findVariable (file:///C:/Users/HP/OneDrive/Desktop/enterprise-hrms-crm-application%20-%20Copy(d
1)/node_modules/rollup/dist/es/shared/node-entry.js:5682:38)
    at FunctionBodyScope.findVariable (file:///C:/Users/HP/OneDrive/Desktop/enterprise-hrms-crm-application%20-%20Copy(
d1)/node_modules/rollup/dist/es/shared/node-entry.js:5682:38)
    at TrackingScope.findVariable (file:///C:/Users/HP/OneDrive/Desktop/enterprise-hrms-crm-application%20-%20Copy(d1)/
node_modules/rollup/dist/es/shared/node-entry.js:5682:38)
    at BlockScope.findVariable (file:///C:/Users/HP/OneDrive/Desktop/enterprise-hrms-crm-application%20-%20Copy(d1)/nod
e_modules/rollup/dist/es/shared/node-entry.js:5682:38)
    at Identifier.bind (file:///C:/Users/HP/OneDrive/Desktop/enterprise-hrms-crm-application%20-%20Copy(d1)/node_module
s/rollup/dist/es/shared/node-entry.js:5449:40)[39m
