
> react-vite-tailwind@0.0.0 build
> vite build

[36mvite v7.3.2 [32mbuilding client environment for production...[36m[39m
transforming...
[32mΓ£ô[39m 2067 modules transformed.
node.exe : [31mΓ£ù[39m Build failed in 3.40s
At line:1 char:1
+ & "C:\Program Files\nodejs/node.exe" "C:\Program Files\nodejs/node_mo ...
+ ~~~~~~~~~~~~~~~~~~~~~~~~~~~~~~~~~~~~~~~~~~~~~~~~~~~~~~~~~~~~~~~~~~~~~
    + CategoryInfo          : NotSpecified: ([31mΓ£ù[39m Build failed in 3.40s:String) [], RemoteException
    + FullyQualifiedErrorId : NativeCommandError
 
[31merror during build:
[31m[vite:esbuild] Transform failed with 1 error:
C:/Users/HP/OneDrive/Desktop/enterprise-hrms-crm-application - Copy(d1)/src/utils/exportUtils.ts:23:12: ERROR: Syntax 
error "`"[31m
file: [36mC:/Users/HP/OneDrive/Desktop/enterprise-hrms-crm-application - Copy(d1)/src/utils/exportUtils.ts:23:12[31m
[33m
[33mSyntax error "`"[33m
21 |    doc.setTextColor(100, 100, 100);
22 |    doc.text('PAYSLIP', 14, 30);
23 |    doc.text(\`Pay Period: \${record.month} \${record.year}\`, 14, 35);
   |              ^
24 |    doc.text(\`Generated: \${new Date().toLocaleDateString()}\`, 14, 40);
25 |  
[31m
    at failureErrorWithLog (C:\Users\HP\OneDrive\Desktop\enterprise-hrms-crm-application - 
Copy(d1)\node_modules\esbuild\lib\main.js:1748:15)
    at C:\Users\HP\OneDrive\Desktop\enterprise-hrms-crm-application - Copy(d1)\node_modules\esbuild\lib\main.js:1017:50
    at responseCallbacks.<computed> (C:\Users\HP\OneDrive\Desktop\enterprise-hrms-crm-application - 
Copy(d1)\node_modules\esbuild\lib\main.js:884:9)
    at handleIncomingPacket (C:\Users\HP\OneDrive\Desktop\enterprise-hrms-crm-application - 
Copy(d1)\node_modules\esbuild\lib\main.js:939:12)
    at Socket.readFromStdout (C:\Users\HP\OneDrive\Desktop\enterprise-hrms-crm-application - 
Copy(d1)\node_modules\esbuild\lib\main.js:862:7)
    at Socket.emit (node:events:509:28)
    at addChunk (node:internal/streams/readable:563:12)
    at readableAddChunkPushByteMode (node:internal/streams/readable:514:3)
    at Readable.push (node:internal/streams/readable:394:5)
    at Pipe.onStreamRead (node:internal/stream_base_commons:189:23)[39m
